// Jest Snapshot v1, https://goo.gl/fbAQLP

exports[`ArticleParagraphs should render paragraphs and handle callbacks 1`] = `
<div>
  <div
    class="dark"
  >
    <div
      class="className bg-dark-2 dark:bg-dark-dark-2 text-primary dark:text-dark-primary text-c3 lg:text-c4"
    >
      <div
        data-testid="container"
      >
        <div
          class="space-y-4"
        >
          <p
            style="opacity: 0;"
          >
            Paragraph1
             
            <span
              class="underline text-accent-1 dark:text-dark-accent-1 hover:text-secondary hover:dark:text-dark-secondary"
            >
              See more...
            </span>
          </p>
          <p
            style="opacity: 0;"
          >
            Paragraph2
             
            <span
              class="underline text-accent-1 dark:text-dark-accent-1 hover:text-secondary hover:dark:text-dark-secondary"
            >
              See more...
            </span>
          </p>
        </div>
      </div>
    </div>
  </div>
</div>
`;
